================================================================================
  SEMANA 1 - LISTA DE VERIFICACI√ìN R√ÅPIDA PARA ARQUITECTO
================================================================================

Status: ‚úÖ PROYECTO LISTO PARA COMENZAR SEMANA 1

================================================================================
PASO 1: VERIFICACIONES INICIALES (5 minutos)
================================================================================

Terminal:
$ cd "C:\03_Tienda digital"
$ git branch
  ‚Üí Debe mostrar: * feature/semana-1-shop-frontend (o tu rama)

$ git status
  ‚Üí Debe mostrar: nothing to commit, working tree clean

$ npm run build
  ‚Üí Debe terminar con: ‚úî successfully

Si alguno falla, resuelve ANTES de continuar.

================================================================================
PASO 2: LEER ESTA DOCUMENTACI√ìN (30 minutos - EN ORDEN)
================================================================================

1. ‚úÖ SEMANA-1-VERIFICACION-RAPIDA.md
   - Qu√© hacer hoy exactamente
   - Checklist por d√≠a (Lunes-Viernes)
   - Orden correcto de ejecuci√≥n

2. ‚úÖ SEMANA-1-CODIGOS-LISTOS.md
   - Todos los c√≥digos listos para copiar-pegar
   - 7 componentes
   - 2 p√°ginas
   - 5 endpoints
   - Copiar de aqu√≠ cuando lo necesites

3. ‚úÖ SEMANA-1-TROUBLESHOOTING-RAPIDO.md
   - Si npm run build falla
   - Errores comunes y soluciones
   - Checklists diarios

4. ‚úÖ SEMANA-1-GUIA-EJECUTABLE.md
   - Referencia detallada (ya le√≠do en contexto anterior)
   - Especificaciones de cada componente

================================================================================
PASO 3: COMENZAR HOY (Lunes)
================================================================================

TAREA 1: ShopHero.tsx (45 minutos)
  [ ] Crear carpeta: mkdir -p src/components/shop
  [ ] Copiar c√≥digo de SEMANA-1-CODIGOS-LISTOS.md ‚Üí ShopHero.tsx
  [ ] Compilar: npm run build
  [ ] Si compila OK ‚Üí CONTINUA

TAREA 2: ProductCard.tsx (45 minutos)
  [ ] Copiar c√≥digo de SEMANA-1-CODIGOS-LISTOS.md ‚Üí ProductCard.tsx
  [ ] Compilar: npm run build
  [ ] Si compila OK ‚Üí CONTINUA

TAREA 3: Index Export (15 minutos)
  [ ] Crear: src/components/shop/index.ts
  [ ] Agregar exports para ambos componentes
  [ ] Compilar: npm run build

FINAL DEL D√çA:
  [ ] npm run build ‚Üí DEBE PASAR
  [ ] npm run lint ‚Üí DEBE PASAR
  [ ] git add src/components/shop/
  [ ] git commit -m "feat(shop): Add ShopHero and ProductCard components"

================================================================================
PASO 4: MARTES-VIERNES
================================================================================

Seguir SEMANA-1-VERIFICACION-RAPIDA.md l√≠nea por l√≠nea.

MARTES:
  [ ] ProductGallery.tsx
  [ ] FilterSidebar.tsx

MI√âRCOLES:
  [ ] ProductReviews.tsx
  [ ] RelatedProducts.tsx
  [ ] SearchAutocomplete.tsx

JUEVES:
  [ ] Shop listing page
  [ ] Product detail page
  [ ] 5 API endpoints

VIERNES:
  [ ] Testing manual
  [ ] Build final
  [ ] Crear PR #7

================================================================================
RECURSOS DISPONIBLES
================================================================================

En repo (en orden de importancia para Week 1):

1. SEMANA-1-VERIFICACION-RAPIDA.md
   ‚Ü≥ LEER PRIMERO - Tu hoja de ruta diaria

2. SEMANA-1-CODIGOS-LISTOS.md
   ‚Ü≥ CUANDO NECESITES C√ìDIGO - Copy-paste ready

3. SEMANA-1-TROUBLESHOOTING-RAPIDO.md
   ‚Ü≥ CUANDO FALLE BUILD - Diagn√≥stico r√°pido

4. SEMANA-1-GUIA-EJECUTABLE.md
   ‚Ü≥ REFERENCIA DETALLADA - Especificaciones t√©cnicas

5. 24-WEEK-ROADMAP-PHASE-2.md
   ‚Ü≥ CONTEXTO GENERAL - Roadmap completo de 24 semanas

6. ARCHITECT-INSTRUCTIONS-PHASE-2.md
   ‚Ü≥ PATRONES Y EST√ÅNDARES - C√≥mo escribir c√≥digo

================================================================================
EQUIPO DE SOPORTE
================================================================================

Cuando tengas dudas:

1. npm run build falla?
   ‚Üí Ver SEMANA-1-TROUBLESHOOTING-RAPIDO.md (secciones ERROR #1-#8)

2. ¬øQu√© c√≥digo escribir?
   ‚Üí Copiar de SEMANA-1-CODIGOS-LISTOS.md

3. ¬øCu√°l es el siguiente paso?
   ‚Üí Consultar SEMANA-1-VERIFICACION-RAPIDA.md

4. ¬øEntiendo el contexto general?
   ‚Üí Leer 24-WEEK-ROADMAP-PHASE-2.md

5. ¬øCu√°l es el est√°ndar de c√≥digo?
   ‚Üí Consultar ARCHITECT-INSTRUCTIONS-PHASE-2.md

================================================================================
ESTIMACI√ìN DE TIEMPO
================================================================================

Week 1 completo: 40 horas (5 d√≠as √ó 8 horas)

Desglose:
  Lunes:    3 horas (2 componentes base)
  Martes:   3.5 horas (2 componentes avanzados)
  Mi√©rcoles: 3 horas (3 componentes especializados)
  Jueves:   4.5 horas (2 p√°ginas + 5 endpoints)
  Viernes:  2 horas (testing + PR)
  ‚îÄ‚îÄ‚îÄ‚îÄ‚îÄ‚îÄ‚îÄ‚îÄ‚îÄ‚îÄ‚îÄ‚îÄ‚îÄ‚îÄ‚îÄ‚îÄ‚îÄ
  TOTAL:    ~16 horas de ejecuci√≥n real

Nota: Incluye compilaci√≥n, testing, y debugging.

================================================================================
√âXITO ESPERADO
================================================================================

Al final de Semana 1, habr√°s completado:

‚úÖ 7 componentes frontend (360+ l√≠neas)
‚úÖ 2 p√°ginas shop (540+ l√≠neas)
‚úÖ 5 API endpoints (400+ l√≠neas)
‚úÖ Build pasa sin errores
‚úÖ Linter en 0 warnings
‚úÖ PR #7 creado y listo para review
‚úÖ ~1,300+ l√≠neas de c√≥digo de producci√≥n

Pr√≥xima semana: Semana 2 (User Account features)

================================================================================
¬øLISTO? COMIENZA CON:
================================================================================

$ npm run build
$ cat SEMANA-1-VERIFICACION-RAPIDA.md | less

ADELANTE! üöÄ

================================================================================
Actualizado: 17 de Noviembre, 2025
Estado: ‚úÖ Production Ready
================================================================================
